// Jest Snapshot v1, https://goo.gl/fbAQLP

exports[`<WeatherInfo/> render() renders the component 1`] = `
<styled.section
  isWeatherDisplayed={true}
/>
`;
